// Jest Snapshot v1, https://goo.gl/fbAQLP

exports[`PrivateRoute render correctly PrivateRoute auth 1`] = `
<div>
  Private test
</div>
`;

exports[`PrivateRoute render correctly PrivateRoute noauth 1`] = `null`;
