// Jest Snapshot v1, https://goo.gl/fbAQLP

exports[`ReviewsList without error 1`] = `
Array [
  <h2
    className="reviews__title"
  >
    Reviews Â· 
    <span
      className="reviews__amount"
    >
      2
    </span>
  </h2>,
  <ul
    className="reviews__list"
  >
    <li
      className="reviews__item"
    >
      <div
        className="reviews__user user"
      >
        <div
          className="reviews__avatar-wrapper user__avatar-wrapper"
        >
          <img
            alt="ReviewsList avatar"
            className="reviews__avatar user__avatar"
            height="54"
            src="https://assets.htmlacademy.ru/intensives/javascript-3/avatar/3.jpg"
            width="54"
          />
        </div>
        <span
          className="reviews__user-name"
        >
          Paul
        </span>
      </div>
      <div
        className="reviews__info"
      >
        <div
          className="reviews__rating rating"
        >
          <div
            className="reviews__stars rating__stars"
          >
            <span
              style={
                Object {
                  "width": "80%",
                }
              }
            />
            <span
              className="visually-hidden"
            >
              Rating
            </span>
          </div>
        </div>
        <p
          className="reviews__text"
        >
          Nice
        </p>
        <time
          className="reviews__time"
          dateTime="2020-11-15T13:58:19.494Z"
        >
          November 2020
        </time>
      </div>
    </li>
    <li
      className="reviews__item"
    >
      <div
        className="reviews__user user"
      >
        <div
          className="reviews__avatar-wrapper user__avatar-wrapper"
        >
          <img
            alt="ReviewsList avatar"
            className="reviews__avatar user__avatar"
            height="54"
            src="https://assets.htmlacademy.ru/intensives/javascript-3/avatar/4.jpg"
            width="54"
          />
        </div>
        <span
          className="reviews__user-name"
        >
          John
        </span>
      </div>
      <div
        className="reviews__info"
      >
        <div
          className="reviews__rating rating"
        >
          <div
            className="reviews__stars rating__stars"
          >
            <span
              style={
                Object {
                  "width": "60%",
                }
              }
            />
            <span
              className="visually-hidden"
            >
              Rating
            </span>
          </div>
        </div>
        <p
          className="reviews__text"
        >
          Not too good
        </p>
        <time
          className="reviews__time"
          dateTime="2020-10-15T13:58:19.494Z"
        >
          October 2020
        </time>
      </div>
    </li>
  </ul>,
]
`;
